﻿
> @figma/my-make-file@0.0.1 build
> vite build

[36mvite v6.4.2 [32mbuilding for production...[36m[39m
transforming...
[32mΓ£ô[39m 2239 modules transformed.
node.exe : [31mΓ£ù[39m Build failed 
in 4.89s
At line:1 char:1
+ & "C:\Program Files\nodejs/node.exe" 
"C:\Program Files\nodejs/node_mo ...
+ ~~~~~~~~~~~~~~~~~~~~~~~~~~~~~~~~~~~~~
~~~~~~~~~~~~~~~~~~~~~~~~~~~~~~~~
    + CategoryInfo          : NotSpeci 
   fied: ([31mΓ£ù[39m Build failed   
  in 4.89s:String) [], RemoteExcepti   
 on
    + FullyQualifiedErrorId : NativeCo 
   mmandError
 
[31merror during build:
[31msrc/app/components/ui/checkbox.tsx
 (5:9): "CheckIcon" is not exported by 
"node_modules/lucide-react/dist/esm/ico
ns/index.js", imported by "src/app/comp
onents/ui/checkbox.tsx".[31m
file: [36mC:/Users/hb/project_allotmen
t_systemHB/src/app/components/ui/checkb
ox.tsx:5:9[31m
[33m
3: import * as React from "react";
4: import * as CheckboxPrimitive from 
"@radix-ui/react-checkbox";
5: import { CheckIcon } from 
"lucide-react";
            ^
6: 
7: import { cn } from "./utils";
[31m
    at getRollupError (file:///C:/Users
/hb/project_allotment_systemHB/node_mod
ules/rollup/dist/es/shared/parseAst.js:
406:41)
    at error (file:///C:/Users/hb/proje
ct_allotment_systemHB/node_modules/roll
up/dist/es/shared/parseAst.js:402:42)
    at Module.error (file:///C:/Users/h
b/project_allotment_systemHB/node_modul
es/rollup/dist/es/shared/node-entry.js:
17380:16)
    at Module.traceVariable (file:///C:
/Users/hb/project_allotment_systemHB/no
de_modules/rollup/dist/es/shared/node-e
ntry.js:17813:29)
    at ModuleScope.findVariable (file:/
//C:/Users/hb/project_allotment_systemH
B/node_modules/rollup/dist/es/shared/no
de-entry.js:15403:39)
    at FunctionScope.findVariable (file
:///C:/Users/hb/project_allotment_syste
mHB/node_modules/rollup/dist/es/shared/
node-entry.js:5676:38)
    at FunctionBodyScope.findVariable (
file:///C:/Users/hb/project_allotment_s
ystemHB/node_modules/rollup/dist/es/sha
red/node-entry.js:5676:38)
    at Identifier.bind (file:///C:/User
s/hb/project_allotment_systemHB/node_mo
dules/rollup/dist/es/shared/node-entry.
js:5450:40)
    at CallExpression.bind (file:///C:/
Users/hb/project_allotment_systemHB/nod
e_modules/rollup/dist/es/shared/node-en
try.js:2828:28)
    at CallExpression.bind (file:///C:/
Users/hb/project_allotment_systemHB/nod
e_modules/rollup/dist/es/shared/node-en
try.js:12512:15)[39m
